student@B4L0106:~$ flex te15.l
student@B4L0106:~$ byacc -d te15.y
student@B4L0106:~$ g++ -g lex.yy.c y.tab.c -ll
y.tab.c: In function ‘int yyparse()’:
y.tab.c:300:27: warning: deprecated conversion from string constant to ‘char*’ [-Wwrite-strings]
y.tab.c:429:34: warning: deprecated conversion from string constant to ‘char*’ [-Wwrite-strings]
student@B4L0106:~$ ./a.out
a+b

validstudent@B4L0106:~$ ./a.out
a=b+c

validstudent@B4L0106:~$ ./a.out
b+c=a

validstudent@B4L0106:~$ ./a.out
a=b+c*d

validstudent@B4L010byacc -d te15.y^C-ll
student@B4L0106:~$ clear

student@B4L0106:~$ flex te15.l
student@B4L0106:~$ byacc -d te15.y
student@B4L0106:~$ g++ -g lex.yy.c y.tab.c -ll
y.tab.c: In function ‘int yyparse()’:
y.tab.c:301:27: warning: deprecated conversion from string constant to ‘char*’ [-Wwrite-strings]
y.tab.c:430:34: warning: deprecated conversion from string constant to ‘char*’ [-Wwrite-strings]
student@B4L0106:~$ ./a.out
a=b+c

validstudent@B4L0106:~$ ./a.out
c+d=a
syntax error:::student@B4L0106:~$ ./a.out
q=w+e*r

validstudent@B4L0106:~$ ./a.out
b+c*d=a

